<ul>
  <li>
    <input class="input-validation-error" data-attr="value" data-val="true" data-val-required="The RequiredChildFlagsEnum field is required." id="Child_RequiredChildFlagsEnum_1" name="Child.RequiredChildFlagsEnum" type="checkbox" value="Simplevalue" />
    <label for="Child_RequiredChildFlagsEnum_1">Simplevalue</label>
  </li>
  <li>
    <input class="input-validation-error" data-attr="value" id="Child_RequiredChildFlagsEnum_2" name="Child.RequiredChildFlagsEnum" type="checkbox" value="ValueWithDescriptionAttribute" />
    <label for="Child_RequiredChildFlagsEnum_2">Description attr text</label>
  </li>
  <li>
    <input class="input-validation-error" data-attr="value" id="Child_RequiredChildFlagsEnum_3" name="Child.RequiredChildFlagsEnum" type="checkbox" value="ValueWithMultpipleWordsAndNoDescriptionAttribute" />
    <label for="Child_RequiredChildFlagsEnum_3">Value with multpiple words and no description attribute</label>
  </li>
</ul>