    <fieldset>
        <legend>Section Title</legend>
        <dl>
