            <dt>labelhtml</dt>
            <dd>
                <2><1>elementhtml<3><4> validationhtml
            </dd>
