            <dt>Section Title</dt>
            <dd>
                <p>Hello</p>
                <dl class="asdf">
