            <dt><elementhtml></dt>
            <dd>
                <labelhtml> <validationhtml>
                <dl>
