<input class="input-validation-error" data-val="true" data-val-required="The RequiredNullableBoolean field is required." id="RequiredNullableBoolean" name="RequiredNullableBoolean" type="checkbox" value="true" /> <label for="RequiredNullableBoolean">RequiredNullableBoolean</label>