<select class="input-validation-error" data-val="true" data-val-required="The RequiredBoolean field is required." id="RequiredBoolean" name="RequiredBoolean">
  <option value="true">Yes</option>
  <option selected="selected" value="false">No</option>
</select>