<select class="input-validation-error" data-attr="value" id="OptionalNullableEnumList" multiple="multiple" name="OptionalNullableEnumList">
  <option value="">None</option>
  <option selected="selected" value="Simplevalue">Simplevalue</option>
  <option selected="selected" value="ValueWithDescriptionAttribute">Description attr text</option>
  <option value="ValueWithMultpipleWordsAndNoDescriptionAttribute">Value with multpiple words and no description attribute</option>
</select>