<ul>
  <li>
    <input checked="checked" class="input-validation-error" data-attr="value" id="OptionalNullableEnumList_1" name="OptionalNullableEnumList" type="checkbox" value="Simplevalue" />
    <label for="OptionalNullableEnumList_1">Simplevalue</label>
  </li>
  <li>
    <input checked="checked" class="input-validation-error" data-attr="value" id="OptionalNullableEnumList_2" name="OptionalNullableEnumList" type="checkbox" value="ValueWithDescriptionAttribute" />
    <label for="OptionalNullableEnumList_2">Description attr text</label>
  </li>
  <li>
    <input class="input-validation-error" data-attr="value" id="OptionalNullableEnumList_3" name="OptionalNullableEnumList" type="checkbox" value="ValueWithMultpipleWordsAndNoDescriptionAttribute" />
    <label for="OptionalNullableEnumList_3">Value with multpiple words and no description attribute</label>
  </li>
</ul>