<select class="input-validation-error" data-attr="value" id="OptionalEnumList" multiple="multiple" name="OptionalEnumList">
  <option selected="selected" value="">None</option>
  <option value="Simplevalue">Simplevalue</option>
  <option value="ValueWithDescriptionAttribute">Description attr text</option>
  <option value="ValueWithMultpipleWordsAndNoDescriptionAttribute">Value with multpiple words and no description attribute</option>
</select>