<label class="showthis alsoshowthis" for="RequiredString">RequiredString</label>