<select class="input-validation-error" id="OptionalFlagsEnumWithNullStringAttribute" multiple="multiple" name="OptionalFlagsEnumWithNullStringAttribute">
  <option selected="selected" value="">Overridden</option>
  <option value="Simplevalue">Simplevalue</option>
  <option value="ValueWithDescriptionAttribute">Description attr text</option>
  <option value="ValueWithMultpipleWordsAndNoDescriptionAttribute">Value with multpiple words and no description attribute</option>
</select>