<select class="input-validation-error" id="OptionalStringListId" name="OptionalStringListId">
  <option value="1">A</option>
  <option value="2">B</option>
</select>