<ul>
  <li>
    <input checked="checked" class="input-validation-error" id="OptionalIntListIds_1" name="OptionalIntListIds" type="checkbox" value="1" />
    <label for="OptionalIntListIds_1">A</label>
  </li>
  <li>
    <input checked="checked" class="input-validation-error" id="OptionalIntListIds_2" name="OptionalIntListIds" type="checkbox" value="2" />
    <label for="OptionalIntListIds_2">B</label>
  </li>
</ul>