<button class="btn-default btn">
  <strong>asdf</strong>
</button>