<button class="btn-default btn asdf" id="id" name="id" type="submit" value="value">
  <strong>asdf</strong>
</button>