<input class="btn-default btn asdf" id="id" name="id" type="submit" value="value" />