<div class="form-group has-error a-container-class-1 a-container-class-2">
labelhtml            elementhtml
             validationhtml
            </div>