      <div class="panel panel-info">
          <div class="panel-body">
