    <div class="panel panel-default asdf">
        <div class="panel-heading">Section Title</div>
        <div class="panel-body">
<p>Hello</p>