<input class="btn-default btn" type="button" value="value" />