<button class="btn btn-lg btn-danger" type="submit">
  <span class="glyphicon glyphicon-star"></span> content</button>