<div class="form-group has-error">
labelhtml            elementhtml
            <div class="help-block form-hint">hello</div> validationhtml
            </div>