            <div class="form-group has-error">
labelhtml            elementhtml
             validationhtml
            <div class="row nested-fields">
                <div class="col-xs-1"></div>
                <div class="col-xs-11">
