            <div class="checkbox has-error">
labelhtml            <2><1>elementhtml<em class="required" title="Required">&lowast;</em>
<3><4>
            <div class="help-block form-hint"><hint></div> validationhtml
            </div>
