      <div class="panel panel-info">
          <div class="panel-heading"><h4 class="panel-title">Heading</h4></div>
          <div class="panel-body">
