<input class="someclass" id="id" name="id" type="submit" value="value" />