<ul>
  <li>
    <input checked="checked" class="input-validation-error" id="OptionalBooleanField_1" name="OptionalBooleanField" type="radio" value="" />
    <label for="OptionalBooleanField_1">None</label>
  </li>
  <li>
    <input class="input-validation-error" id="OptionalBooleanField_2" name="OptionalBooleanField" type="radio" value="true" />
    <label for="OptionalBooleanField_2">Yes</label>
  </li>
  <li>
    <input class="input-validation-error" id="OptionalBooleanField_3" name="OptionalBooleanField" type="radio" value="false" />
    <label for="OptionalBooleanField_3">No</label>
  </li>
</ul>