<select class="input-validation-error" id="OptionalBooleanField" name="OptionalBooleanField">
  <option selected="selected" value=""></option>
  <option value="true">Yes</option>
  <option value="false">No</option>
</select>