<ul>
  <li>
    <input class="input-validation-error" id="StringListId_1" name="StringListId" type="radio" value="1" />
    <label for="StringListId_1">A</label>
  </li>
  <li>
    <input checked="checked" class="input-validation-error" id="StringListId_2" name="StringListId" type="radio" value="2" />
    <label for="StringListId_2">B</label>
  </li>
</ul>