<ul>
  <li>
    <input class="input-validation-error" id="BooleanField_1" name="BooleanField" type="radio" value="true" />
    <label for="BooleanField_1">True</label>
  </li>
  <li>
    <input checked="checked" class="input-validation-error" id="BooleanField_2" name="BooleanField" type="radio" value="false" />
    <label for="BooleanField_2">False</label>
  </li>
</ul>