<select data-attr="value" id="TestEnum" name="TestEnum">
  <option value="Simplevalue">Simplevalue</option>
  <option selected="selected" value="ValueWithDescriptionAttribute">Description attr text</option>
  <option value="ValueWithMultpipleWordsAndNoDescriptionAttribute">Value with multpiple words and no description attribute</option>
</select>