<input data-attr="value" id="Password" name="Password" type="password" />