<input class="input-validation-error" data-attr="value" data-val="true" data-val-required="The SomeProperty field is required." id="SomeProperty" name="SomeProperty" type="text" value="" />