<ul>
  <li>
    <input class="input-validation-error" data-val="true" data-val-required="The RequiredBooleanField field is required." id="RequiredBooleanField_1" name="RequiredBooleanField" type="radio" value="true" />
    <label for="RequiredBooleanField_1">Yes</label>
  </li>
  <li>
    <input checked="checked" class="input-validation-error" id="RequiredBooleanField_2" name="RequiredBooleanField" type="radio" value="false" />
    <label for="RequiredBooleanField_2">No</label>
  </li>
</ul>