<select class="input-validation-error" data-val="true" data-val-required="The BooleanField field is required." id="BooleanField" name="BooleanField">
  <option selected="selected" value="true">Yes</option>
  <option value="false">No</option>
</select>