<ul>
  <li>
    <input checked="checked" class="input-validation-error" data-val="true" data-val-required="The BooleanField field is required." id="BooleanField_1" name="BooleanField" type="radio" value="true" />
    <label for="BooleanField_1">Yes</label>
  </li>
  <li>
    <input class="input-validation-error" id="BooleanField_2" name="BooleanField" type="radio" value="false" />
    <label for="BooleanField_2">No</label>
  </li>
</ul>