<input class="input-validation-error" data-attr="value" id="FileUpload" name="FileUpload" type="file" value="" />