<textarea cols="20" data-attr="value" id="Textarea" name="Textarea" rows="2"></textarea>