<input class="input-validation-error" data-val="true" data-val-required="The RequiredBooleanField field is required." id="RequiredBooleanField" name="RequiredBooleanField" type="checkbox" value="true" /> <label for="RequiredBooleanField">RequiredBooleanField</label>