            <dt>labelhtml</dt>
            <dd class="a-container-class-1 a-container-class-2">
                elementhtml validationhtml
            </dd>
