    <fieldset class="asdf">
        <legend>Section Heading</legend>
        <p>hello</p>
        <dl>
