            <dt>Section Heading</dt>
            <dd>
                <p>Hello</p>
                <dl class="asdf">
