            <dt>labelhtml</dt>
            <dd>
                elementhtml validationhtml
                <dl>
