      <div class="information_message">
          <h3>Heading</h3>
          <div class="message">
